// Jest Snapshot v1, https://goo.gl/fbAQLP

exports[`Modal Test 1`] = `
<div>
  <div
    className="sc-bdnylx fifHaM"
  >
    <button
      className="submit"
    >
      <a
        href="#modal"
      >
        Ai ai esse CRL viu...
      </a>
    </button>
  </div>
  <div
    className="sc-gtssRu cJuzsI"
    id="modal"
  />
  <form
    className="box"
    name="form"
  >
    <label>
      Nome:
    </label>
    <input
      id="name"
      name="name"
      type="text"
    />
    <label>
      Usuário:
    </label>
    <input
      id="user"
      name="user"
      type="text"
    />
    <label>
      Email:
    </label>
    <input
      id="email"
      name="email"
      type="email"
    />
    <label>
      Senha:
    </label>
    <input
      id="pass"
      name="pass"
      type="password"
    />
    <label>
      Confirmação de senha:
    </label>
    <input
      id="confirm"
      name="confirm"
      type="password"
    />
    <input
      id="submit"
      type="submit"
      value="Enviar"
    />
    <a
      href=""
      id="close"
    >
      x
    </a>
  </form>
</div>
`;
